H:\WriterBot\src\main\java\dev\mrflyn\writerbot\apis\pasteggapi\PasteFileContent.java
H:\WriterBot\src\main\java\dev\mrflyn\writerbot\apis\pasteggapi\Paste.java
H:\WriterBot\src\main\java\dev\mrflyn\writerbot\apis\ApiInterface.java
H:\WriterBot\src\main\java\dev\mrflyn\writerbot\Bot.java
H:\WriterBot\src\main\java\dev\mrflyn\writerbot\Listeners.java
H:\WriterBot\src\main\java\dev\mrflyn\writerbot\apis\pasteggapi\PasteFile.java
H:\WriterBot\src\main\java\dev\mrflyn\writerbot\Database\Updater.java
H:\WriterBot\src\main\java\dev\mrflyn\writerbot\Main.java
H:\WriterBot\src\main\java\dev\mrflyn\writerbot\Database\GuildConfigCache.java
H:\WriterBot\src\main\java\dev\mrflyn\writerbot\apis\HasteBin.java
H:\WriterBot\src\main\java\dev\mrflyn\writerbot\apis\HelpChat.java
H:\WriterBot\src\main\java\dev\mrflyn\writerbot\apis\HasteBinMD5.java
H:\WriterBot\src\main\java\dev\mrflyn\writerbot\SpigotMain.java
H:\WriterBot\src\main\java\dev\mrflyn\writerbot\apis\API.java
H:\WriterBot\src\main\java\dev\mrflyn\writerbot\apis\PasteGG.java
H:\WriterBot\src\main\java\dev\mrflyn\writerbot\Database\MySQL.java
